// Jest Snapshot v1, https://goo.gl/fbAQLP

exports[`CompositeAuth render should correctly render CompositeAuth component 1`] = `
<div>
  <auth-form-stub></auth-form-stub>
</div>
`;

exports[`CompositeAuth render should render auth form by default 1`] = `
<div>
  <auth-form-stub></auth-form-stub>
</div>
`;
