// Jest Snapshot v1, https://goo.gl/fbAQLP

exports[`CodeOtpInterface render should correctly render component 1`] = `<code-otp-stub error="" challengetype="EMAIL_OTP" email="user@email.com"></code-otp-stub>`;

exports[`CodeOtpInterface render should render code form 1`] = `<code-otp-stub error="" challengetype="EMAIL_OTP" email="user@email.com"></code-otp-stub>`;
