// Jest Snapshot v1, https://goo.gl/fbAQLP

exports[`RegularPasswordInterface render should correctly render component 1`] = `<regular-password-stub email=""></regular-password-stub>`;

exports[`RegularPasswordInterface render should render pasword form 1`] = `<regular-password-stub email=""></regular-password-stub>`;
