// Jest Snapshot v1, https://goo.gl/fbAQLP

exports[`Message render should correctly render Message component 1`] = `
<div>
  <form-item-stub>
    <message-stub data-test="form-message">
      foo
    </message-stub>
  </form-item-stub>
  <v-button-stub skin="primary" size="normal" disabled="true" data-test="cancel-button">
    Close
  </v-button-stub>
</div>
`;
