// Jest Snapshot v1, https://goo.gl/fbAQLP

exports[`RegularPasswordRecoveryInteractor render should correctly render component 1`] = `<regular-password-recovery-stub email="user@email.com" error=""></regular-password-recovery-stub>`;

exports[`RegularPasswordRecoveryInteractor render should render form 1`] = `<regular-password-recovery-stub email="user@email.com" error=""></regular-password-recovery-stub>`;
