// Jest Snapshot v1, https://goo.gl/fbAQLP

exports[`RecoveryCodeInterface render should correctly render component 1`] = `<recovery-code-stub email=""></recovery-code-stub>`;

exports[`RecoveryCodeInterface render should render recovery code 1`] = `<recovery-code-stub email=""></recovery-code-stub>`;
