// Jest Snapshot v1, https://goo.gl/fbAQLP

exports[`RecoveryCodeContainer render should correctly render component 1`] = `
<loading-screen-stub>
  <nophone-stub error=""></nophone-stub>
</loading-screen-stub>
`;

exports[`RecoveryCodeContainer render should render  1`] = `
<loading-screen-stub>
  <nophone-stub error=""></nophone-stub>
</loading-screen-stub>
`;

exports[`RecoveryViewContainer render should correctly render component 1`] = `
<loading-screen-stub>
  <nophone-stub error=""></nophone-stub>
</loading-screen-stub>
`;
