// Jest Snapshot v1, https://goo.gl/fbAQLP

exports[`SignInView render should correctly render component 1`] = `
<form data-test="auth-form">
  <!---->
  <v-title-stub>
    Log in to your Endpass account to access site actions
  </v-title-stub>
  <form-item-stub>
    <v-input-stub label="" tooltiplabel="" value="" error="" description="" skin="primary" data-vv-as="email" data-vv-name="email" name="email" type="email" placeholder="Enter your email..." data-test="email-input"></v-input-stub>
  </form-item-stub>
  <v-button-stub skin="primary" size="big" data-test="submit-button-auth" disabled="true">
    Continue
  </v-button-stub>
  <v-spacer-stub height="3" width="0"></v-spacer-stub>
  <v-divider-stub>or sign in with</v-divider-stub>
  <form-row-stub>
    <form-controls-stub>
      <google-auth-button-stub type="button"></google-auth-button-stub>
    </form-controls-stub>
  </form-row-stub>
  <v-divider-stub></v-divider-stub>
  <form-row-stub class="v-text-center v-fw-b">
    Don't have an account?&nbsp;
    <v-link-stub role="button" data-test="switch-to-sign-up">
      Sign up
    </v-link-stub>
  </form-row-stub>
</form>
`;

exports[`SignInView render should render pasword form 1`] = `
<form data-test="auth-form">
  <!---->
  <v-title-stub>
    Log in to your Endpass account to access site actions
  </v-title-stub>
  <form-item-stub>
    <v-input-stub label="" tooltiplabel="" value="" error="" description="" skin="primary" data-vv-as="email" data-vv-name="email" name="email" type="email" placeholder="Enter your email..." data-test="email-input"></v-input-stub>
  </form-item-stub>
  <v-button-stub skin="primary" size="big" data-test="submit-button-auth" disabled="true">
    Continue
  </v-button-stub>
  <v-spacer-stub height="3" width="0"></v-spacer-stub>
  <v-divider-stub>or sign in with</v-divider-stub>
  <form-row-stub>
    <form-controls-stub>
      <google-auth-button-stub type="button"></google-auth-button-stub>
    </form-controls-stub>
  </form-row-stub>
  <v-divider-stub></v-divider-stub>
  <form-row-stub class="v-text-center v-fw-b">
    Don't have an account?&nbsp;
    <v-link-stub role="button" data-test="switch-to-sign-up">
      Sign up
    </v-link-stub>
  </form-row-stub>
</form>
`;
