// Jest Snapshot v1, https://goo.gl/fbAQLP

exports[`CodeRequestInterface render should correctly render component 1`] = `<code-request-stub challengetype="EMAIL_OTP" loginchallenge="" email="user@email.com"></code-request-stub>`;

exports[`CodeRequestInterface render should render code form 1`] = `<code-request-stub challengetype="EMAIL_OTP" loginchallenge="" email="user@email.com"></code-request-stub>`;
