// Jest Snapshot v1, https://goo.gl/fbAQLP

exports[`PasswordForm render should correctly render component 1`] = `
<form data-test="sign-form">
  <!---->
  <!---->
  <!---->
  <form-field-stub>
    <v-input-stub label="Your wallet account password:" value="" autofocus="true" required="true" type="password" name="password" placeholder="Enter your password..."></v-input-stub>
  </form-field-stub>
  <form-controls-stub>
    <v-button-stub skin="primary" size="normal" disabled="true" type="submit" data-test="submit-button" class="button">
      Apply
    </v-button-stub>
    <!---->
    <v-button-stub skin="ghost" size="normal" type="button" data-test="cancel-button" class="button">
      Close
    </v-button-stub>
  </form-controls-stub>
</form>
`;
