// Jest Snapshot v1, https://goo.gl/fbAQLP

exports[`PasswordForm render should correctly render component 1`] = `
<form data-test="sign-form">
  <!---->
  <!---->
  <form-item-stub>
    <v-input-stub label="Your wallet account password:" value="" id="password" data-vv-as="Password" data-vv-name="password" autofocus="true" required="true" type="password" name="password" placeholder="Enter your password..." data-test="password-input"></v-input-stub>
  </form-item-stub>
  <form-row-stub>
    <!---->
    <!---->
    <v-button-stub skin="primary" size="big" data-test="submit-button" disabled="true">
      Apply
    </v-button-stub>
  </form-row-stub>
</form>
`;
