// Jest Snapshot v1, https://goo.gl/fbAQLP

exports[`PasswordForm render should correctly render component 1`] = `
<form data-test="sign-form">
  <!---->
  <!---->
  <!---->
  <form-field-stub label="Your wallet account password:">
    <v-input-stub placeholder="Enter your password..." name="password" value="" autofocus="true" required="true" type="password"></v-input-stub>
  </form-field-stub>
  <form-controls-stub>
    <v-button-stub disabled="true" type="primary" submit="true" data-test="submit-button">Apply</v-button-stub>
    <!---->
    <v-button-stub data-test="cancel-button">Close</v-button-stub>
  </form-controls-stub>
</form>
`;
