// Jest Snapshot v1, https://goo.gl/fbAQLP

exports[`Widget render should correctly render 1`] = `
<div class="widget">
  <widget-header-stub iscollapsed="true"></widget-header-stub>
  <widget-content-stub accounts="[object Object],[object Object]" iscollapsed="true" isaccountscollapsed="true" currentaccount="0x68Aa50bB77C85F99D55f3Ad3762C5EcD250967Cb"></widget-content-stub>
</div>
`;
