// Jest Snapshot v1, https://goo.gl/fbAQLP

exports[`RegularPasswordRecoveryInterface render should correctly render component 1`] = `<regular-password-recovery-stub email="" password=""></regular-password-recovery-stub>`;

exports[`RegularPasswordRecoveryInterface render should render form 1`] = `<regular-password-recovery-stub email="" password=""></regular-password-recovery-stub>`;
