// Jest Snapshot v1, https://goo.gl/fbAQLP

exports[`UploadVideo > UploadSide render should correctly render component 1`] = `
<div>
  <upload-header-stub documenttype="Selfie"></upload-header-stub>
  <mobile-suggestions-stub></mobile-suggestions-stub>
  <div>
    <v-button-stub skin="quaternary" size="normal" data-test="record-button">
      Retake selfie
    </v-button-stub>
    <div class="upload-side-record-status">
      Selfie has been successfully recorded
    </div>
    <v-button-stub skin="primary" size="normal" data-test="upload-button">
      Upload
    </v-button-stub>
  </div>
</div>
`;
