// Jest Snapshot v1, https://goo.gl/fbAQLP

exports[`RegularPasswordCreationInterface render should correctly render component 1`] = `<regular-password-creation-stub email="" password=""></regular-password-creation-stub>`;

exports[`RegularPasswordCreationInterface render should render form 1`] = `<regular-password-creation-stub email="" password=""></regular-password-creation-stub>`;
