// Jest Snapshot v1, https://goo.gl/fbAQLP

exports[`LoginProviderPassword render should correctly render LoginProviderPassword screen 1`] = `
<v-frame-stub title="Connect" closable="true">
  <message-stub error="true" data-test="error-message">
    You should provide login_challenge param in url, add it and try again!
  </message-stub>
</v-frame-stub>
`;
