// Jest Snapshot v1, https://goo.gl/fbAQLP

exports[`CodeRecoveryInteractor render should correctly render component 1`] = `<recovery-view-stub error="" isphoneexist="true"></recovery-view-stub>`;

exports[`CodeRecoveryInteractor render should render form 1`] = `<recovery-view-stub error="" isphoneexist="true"></recovery-view-stub>`;
