// Jest Snapshot v1, https://goo.gl/fbAQLP

exports[`CreateWallet render should correctly render CreateWallet component 1`] = `
<div>
  <div>
    <form data-test="define-pwd-form">
      <form-field-stub label="Please choose password:">
        <v-input-stub value="" label="" classname="" data-vv-as="password" data-vv-name="password" autofocus="true" required="" type="password" placeholder="Enter password..."></v-input-stub>
      </form-field-stub>
      <form-field-stub>
        <v-input-stub value="" label="" classname="" data-vv-as="password confirm" data-vv-name="passwordConfirm" required="" autofocus="true" type="password" placeholder="Confirm password..."></v-input-stub>
      </form-field-stub>
      <!---->
      <form-controls-stub>
        <v-button-stub disabled="true" type="primary" submit="true" data-test="submit-button">
          Create Wallet
        </v-button-stub>
      </form-controls-stub>
    </form>
  </div>
</div>
`;
