// Jest Snapshot v1, https://goo.gl/fbAQLP

exports[`OtpRecoveryInterface render should correctly render component 1`] = `<otp-recovery-stub email="" password=""></otp-recovery-stub>`;

exports[`OtpRecoveryInterface render should render otp form 1`] = `<otp-recovery-stub email="" password=""></otp-recovery-stub>`;
