// Jest Snapshot v1, https://goo.gl/fbAQLP

exports[`DocumentUploadForm > UploadError render should correctly render Upload Error component 1`] = `
<div>
  <upload-title-stub title="Error" iserror="true"></upload-title-stub>
  <file-name-stub name="alongfilename"></file-name-stub>
  <v-description-stub description="File Error example" disabled=""></v-description-stub>
</div>
`;
