// Jest Snapshot v1, https://goo.gl/fbAQLP

exports[`RateLimit render should render rate limit 1`] = `
<screen-stub>
  <v-frame-stub title="The&nbsp;rate limit exceeded!">
    <div data-test="rate-limit-body" class="v-rate-limit-body">
      Too many requests from your&nbsp;IP&nbsp;address, please wait some time and try again.
      <div class="v-rate-limit-timeout">
        10
      </div>
    </div>
  </v-frame-stub>
</screen-stub>
`;
