// Jest Snapshot v1, https://goo.gl/fbAQLP

exports[`SignPermission render render should correctly render SignPermission component 1`] = `
<screen-stub>
  <v-modal-card-stub isclosable="true">
    <sign-password-stub withlogoutbtn="true" requesterurl="http://localhost" message=""></sign-password-stub>
  </v-modal-card-stub>
</screen-stub>
`;
