// Jest Snapshot v1, https://goo.gl/fbAQLP

exports[`WalletCreate render should correctly render WalletCreate screen component 1`] = `
<screen-stub>
  <v-modal-card-stub isclosable="true">
    <wallet-create-form-stub createhandler="function () { [native code] }"></wallet-create-form-stub>
  </v-modal-card-stub>
</screen-stub>
`;
