// Jest Snapshot v1, https://goo.gl/fbAQLP

exports[`WalletExistCheck should match snapshot 1`] = `
<screen-stub>
  <v-modal-card-stub isclosable="true">
    <form-item-stub>
      <message-stub error="true" data-test="wallet-exist-error">
        Something broken, when trying to check Wallet existence
      </message-stub>
    </form-item-stub>
    <form-item-stub>
      <v-button-stub skin="quaternary" size="normal" data-test="submit-button">
        check again
      </v-button-stub>
    </form-item-stub>
  </v-modal-card-stub>
</screen-stub>
`;
