// Jest Snapshot v1, https://goo.gl/fbAQLP

exports[`Sign > BaseForm render should render component and has correct name 1`] = `
<div data-test="sign-form">
  <!---->
  <form-field-stub>
    <v-link-stub isunderline="true" href="http://localhost" data-test="requester-url" target="_blank">
      http://localhost
    </v-link-stub>
    requests sign action.
  </form-field-stub>
  <form-field-stub>
    <v-address-stub address="0xaEF74e25181b0879d293396Dd9949Cf25b339407" data-test="account-address"></v-address-stub>
  </form-field-stub>
  <form-field-stub label="Your account password:">
    <v-input-stub value="" placeholder="Enter your password..." data-vv-as="password" name="password" type="password" required="" data-test="password-input"></v-input-stub>
  </form-field-stub>
  <form-controls-stub>
    <v-button-stub skin="quaternary" size="normal" type="button" data-test="cancel-button">
      Close
    </v-button-stub>
    <v-button-stub skin="primary" size="normal" type="button" data-test="submit-button">
      Sign
    </v-button-stub>
  </form-controls-stub>
</div>
`;
