// Jest Snapshot v1, https://goo.gl/fbAQLP

exports[`PublicAuth render should correctly render Auth public screen component 1`] = `
<screen-stub class="auth-screen-centered">
  <v-modal-card-stub isclosable="true">
    <composite-auth-form-stub isclosable="true" ispublic="true"></composite-auth-form-stub>
  </v-modal-card-stub>
</screen-stub>
`;
