// Jest Snapshot v1, https://goo.gl/fbAQLP

exports[`CodeRecoveryInterface render should correctly render component 1`] = `<code-recovery-stub email=""></code-recovery-stub>`;

exports[`CodeRecoveryInterface render should render recovery code 1`] = `<code-recovery-stub email=""></code-recovery-stub>`;
