// Jest Snapshot v1, https://goo.gl/fbAQLP

exports[`WalletSeed render should correctly render WalletSeed component 1`] = `
<div>
  <v-title-stub><span>Write your Seed Phrase below</span></v-title-stub>
  <v-description-stub><span>The words below are called your Seed Phrase. It enables you accessing your Endpass and restore your wallet. Notice that the order of the words is significant, and it is recognized while checking.</span></v-description-stub>
  <form-item-stub>
    <div>
      <ul data-test="seed-phrase" class="wallet-create-seed">
        <li>
          <v-tag-stub skin="light-gray">
            foo
          </v-tag-stub>
        </li>
        <li>
          <v-tag-stub skin="light-gray">
            baz
          </v-tag-stub>
        </li>
        <li>
          <v-tag-stub skin="light-gray">
            bar
          </v-tag-stub>
        </li>
      </ul>
      <!---->
    </div>
    <div class="v-mb-24">
      <v-checkbox-stub name="checkbox" truevalue="true" data-test="wallet-seed-confirm">
        Yes, I've written down the words and stored them in a secure place.
      </v-checkbox-stub>
    </div>
  </form-item-stub>
  <v-button-stub skin="primary" size="big" disabled="true" type="button" data-test="continue-button">
    Continue
  </v-button-stub>
</div>
`;
