// Jest Snapshot v1, https://goo.gl/fbAQLP

exports[`DocumentUpload should match snapshot 1`] = `
<v-modal-card-stub data-test="document-create-modal"><template></template>
  <form-item-stub>
    <v-select-stub label="Document type" value="Passport" options="[object Object],[object Object]" skin="primary"></v-select-stub>
  </form-item-stub>
  <form-item-stub>
    <v-file-drop-area-stub label="Select File" required="" accept=".png,.jpeg,.jpg,.pdf,.tif,.doc,.docx,image/png,image/jpg,image/jpeg,application/pdf,image/tif,image/tiff,application/pdf,application/msword,application/vnd.openxmlformats-officedocument.wordprocessingml.document" data-vv-as="File" data-vv-name="file">
      <document-upload-form-stub isfrontside="true" progressvalue="0"></document-upload-form-stub>
    </v-file-drop-area-stub>
    <document-upload-description-stub></document-upload-description-stub>
  </form-item-stub>
  <doc-upload-buttons-stub isfrontside="true"></doc-upload-buttons-stub>
</v-modal-card-stub>
`;
