// Jest Snapshot v1, https://goo.gl/fbAQLP

exports[`DocumentUpload should match snapshot 1`] = `
<v-modal-card-stub data-test="document-create-modal"><template></template>
  <document-upload-form-stub accept=".png,.jpeg,.jpg,.pdf,.tif,.doc,.docx,image/png,image/jpg,image/jpeg,application/pdf,image/tif,image/tiff,application/pdf,application/msword,application/vnd.openxmlformats-officedocument.wordprocessingml.document" messageadd="Add front File" messageready="Front File selected" documenttype="Passport" isdoctypeselectable="true" progressvalue="0" progresslabel="" data-vv-as="File" data-vv-name="file"></document-upload-form-stub>
  <form-controls-stub>
    <v-button-stub skin="quaternary" size="normal" data-test="cancel-button">
      Cancel
    </v-button-stub>
    <v-button-stub skin="primary" size="normal" disabled="true" data-test="submit-button">
      Confirm
    </v-button-stub>
  </form-controls-stub>
</v-modal-card-stub>
`;
